#-----------------------------------------------------------
# updatemem v2017.2 (64-bit)
# SW Build 1909853 on Thu Jun 15 18:39:09 MDT 2017
# 
# Start of session at: Wed Feb 21 15:15:58 2018
# Process ID: 16492
# Current directory: C:/ece532/nexys3_ise_gpio_uart/auto_parking
# Command line: updatemem.exe -mode batch -source C:/Xilinx/SDK/2017.2/scripts/updatemem/main.tcl -notrace -tclargs -meminfo C:/ece532/nexys3_ise_gpio_uart/auto_parking/auto_parking.sdk/design_1_wrapper_hw_platform_0/design_1_wrapper.mmi -data C:/Xilinx/SDK/2017.2/data/embeddedsw/lib/microblaze/mb_bootloop_le.elf -proc design_1_i/microblaze_0 -bit C:/ece532/nexys3_ise_gpio_uart/auto_parking/auto_parking.sdk/design_1_wrapper_hw_platform_0/design_1_wrapper.bit -out C:/ece532/nexys3_ise_gpio_uart/auto_parking/auto_parking.sdk/design_1_wrapper_hw_platform_0/download.bit -force
# Log file: C:/ece532/nexys3_ise_gpio_uart/auto_parking/updatemem.log
# Journal file: C:/ece532/nexys3_ise_gpio_uart/auto_parking\updatemem.jou
#-----------------------------------------------------------
source C:/Xilinx/SDK/2017.2/scripts/updatemem/main.tcl -notrace
