#-----------------------------------------------------------
# Vivado v2017.2 (64-bit)
# SW Build 1909853 on Thu Jun 15 18:39:09 MDT 2017
# IP Build 1909766 on Thu Jun 15 19:58:00 MDT 2017
# Start of session at: Wed Feb 21 15:05:03 2018
# Process ID: 5964
# Current directory: C:/ece532/nexys3_ise_gpio_uart/auto_parking
# Command line: vivado.exe -gui_launcher_event rodinguilauncherevent16788 C:\ece532\nexys3_ise_gpio_uart\auto_parking\auto_parking.xpr
# Log file: C:/ece532/nexys3_ise_gpio_uart/auto_parking/vivado.log
# Journal file: C:/ece532/nexys3_ise_gpio_uart/auto_parking\vivado.jou
#-----------------------------------------------------------
start_gui
open_project C:/ece532/nexys3_ise_gpio_uart/auto_parking/auto_parking.xpr
update_compile_order -fileset sources_1
launch_sdk -workspace C:/ece532/nexys3_ise_gpio_uart/auto_parking/auto_parking.sdk -hwspec C:/ece532/nexys3_ise_gpio_uart/auto_parking/auto_parking.sdk/design_1_wrapper.hdf
launch_sdk -workspace C:/ece532/nexys3_ise_gpio_uart/auto_parking/auto_parking.sdk -hwspec C:/ece532/nexys3_ise_gpio_uart/auto_parking/auto_parking.sdk/design_1_wrapper.hdf
open_bd_design {C:/ece532/nexys3_ise_gpio_uart/auto_parking/auto_parking.srcs/sources_1/bd/design_1/design_1.bd}
regenerate_bd_layout -routing
launch_sdk -workspace C:/ece532/nexys3_ise_gpio_uart/auto_parking/auto_parking.sdk -hwspec C:/ece532/nexys3_ise_gpio_uart/auto_parking/auto_parking.sdk/design_1_wrapper.hdf
